// Jest Snapshot v1, https://goo.gl/fbAQLP

exports[`LoginScreen component Should render snapshot 1`] = `
<View
  onLayout={[Function]}
  style={
    Array [
      Array [
        Object {
          "flexBasis": "0%",
          "flexGrow": 1,
          "flexShrink": 1,
        },
      ],
      Object {
        "paddingBottom": 0,
      },
    ]
  }
>
  <
    colors={
      Array [
        "#82ccdd",
        "#60a3bc",
      ]
    }
    end={
      Array [
        1,
        0.5,
      ]
    }
    locations={
      Array [
        0,
        1,
      ]
    }
    start={
      Array [
        0,
        0.5,
      ]
    }
    style={
      Object {
        "flex": 1,
      }
    }
  >
    <View
      accessible={true}
      focusable={true}
      onClick={[Function]}
      onResponderGrant={[Function]}
      onResponderMove={[Function]}
      onResponderRelease={[Function]}
      onResponderTerminate={[Function]}
      onResponderTerminationRequest={[Function]}
      onStartShouldSetResponder={[Function]}
      style={
        Object {
          "flex": 1,
          "justifyContent": "center",
          "marginVertical": 32,
        }
      }
    >
      <View
        style={
          Object {
            "paddingHorizontal": 40,
          }
        }
      >
        <View>
          <Image
            resizeMode="contain"
            source={1}
            style={
              Object {
                "alignSelf": "center",
                "height": 60,
                "width": 90,
              }
            }
          />
        </View>
        <View
          style={
            Object {
              "marginBottom": 32,
            }
          }
        >
          <Text
            style={
              Object {
                "color": "#fff",
                "fontSize": 32,
                "textAlign": "center",
              }
            }
          >
            Hello World
          </Text>
        </View>
        <View
          style={
            Object {
              "alignItems": "center",
              "backgroundColor": "#fff",
              "borderRadius": 16,
              "elevation": 1,
              "flexDirection": "row",
              "height": 50,
              "justifyContent": "flex-start",
              "marginBottom": 8,
              "paddingHorizontal": 16,
              "paddingVertical": 8,
              "shadowColor": "#000000",
              "shadowOffset": Object {
                "height": 1,
                "width": 0,
              },
              "shadowOpacity": 0.15,
              "shadowRadius": 1,
            }
          }
        >
          <
            color="#0c2461"
            name="user"
            size={24}
          />
          <TextInput
            keyboardType="email-address"
            onChangeText={[Function]}
            placeholder="E-mail"
            style={
              Object {
                "marginLeft": 12,
                "width": "100%",
              }
            }
            value=""
          />
        </View>
        <View
          style={
            Object {
              "marginBottom": 32,
              "marginTop": 8,
            }
          }
        >
          <View
            style={
              Object {
                "alignItems": "center",
                "backgroundColor": "#fff",
                "borderRadius": 16,
                "elevation": 1,
                "flexDirection": "row",
                "height": 50,
                "justifyContent": "flex-start",
                "marginBottom": 8,
                "paddingHorizontal": 16,
                "paddingVertical": 8,
                "shadowColor": "#000000",
                "shadowOffset": Object {
                  "height": 1,
                  "width": 0,
                },
                "shadowOpacity": 0.15,
                "shadowRadius": 1,
              }
            }
          >
            <
              color="#0c2461"
              name="lock"
              size={24}
            />
            <TextInput
              maxLength={6}
              onChangeText={[Function]}
              placeholder="Password"
              secureTextEntry={true}
              style={
                Object {
                  "marginLeft": 12,
                  "width": "100%",
                }
              }
              value=""
            />
          </View>
        </View>
      </View>
    </View>
    <View
      style={
        Object {
          "marginBottom": 40,
          "paddingHorizontal": 40,
        }
      }
    >
      <View
        accessible={true}
        collapsable={false}
        focusable={true}
        onClick={[Function]}
        onResponderGrant={[Function]}
        onResponderMove={[Function]}
        onResponderRelease={[Function]}
        onResponderTerminate={[Function]}
        onResponderTerminationRequest={[Function]}
        onStartShouldSetResponder={[Function]}
        style={
          Object {
            "alignItems": "center",
            "backgroundColor": "#fff",
            "borderBottomLeftRadius": 8,
            "borderBottomRightRadius": 8,
            "borderTopLeftRadius": 8,
            "borderTopRightRadius": 8,
            "display": "flex",
            "height": 48,
            "justifyContent": "center",
            "opacity": 1,
          }
        }
      >
        <Text
          style={
            Object {
              "color": "#82ccdd",
              "fontWeight": "700",
            }
          }
        >
          Login
        </Text>
      </View>
    </View>
  </>
</View>
`;
